[templates/protostar-polar/favicon.ico]
[media/jui/js/jquery.min8b90.js]
[index.php/component/search/index4189.html]
[media/jui/js/jquery-noconflict8b90.js]
[media/jui/js/jquery-migrate.min8b90.js]
[media/system/js/caption8b90.js]
[media/jui/js/bootstrap.min8b90.js]
[templates/protostar-polar/js/template.js]
[images/polar-rcn/petty_antarctica_sea-ice.jpg]
[images/polar-rcn/petty_antarctica_sea-ice_ph.jpg]
[images/polar-rcn/arrow_detail.png]
[index-2.html]
[media/jui/fonts/IcoMoon.eot]
[media/jui/fonts/IcoMoond41d.eot]
[media/jui/fonts/IcoMoon.woff]
[media/jui/fonts/IcoMoon.ttf]
[images/polar-rcn/scambos_antarctica.jpg]
[templates/protostar-polar/css/template.css]
[index.php/component/search/indexb122.html]
[images/polar-rcn/scambos_antarctica_people.jpg]
[images/polar-rcn/scambos_antarctica_people_ph.jpg]
[index.php/about.html]
[index.php/component/search/index6e14.html]
[images/people/jha.jpg]
[images/people/lynch.jpg]
[images/people/jarek.jpg]
[images/people/pope_allen.jpg]
[index.php/people/principal-investigators.html]
[index.php/component/search/indexd573.html]
[index.php/workshops.html]
[images/polar-rcn/lynch-with-emperor.jpg]
[index.php/component/search/indexbe1d.html]
[images/polar-rcn/lynch-with-emperor_ph.jpg]
[index.php/research.html]
[index.php/reports.html]
[index.php/about/themes.html]
[index.php/component/search/index1e86.html]
[index.php/component/search/index0885.html]
[index.php/polar-rcn-noticesc0d0]
[index.php/polar-rcn-notices7b17]
[images/Documents/Polar2018-flyer.pdf]
[images/polar-rcn/PolarRCN_flyer_AGU15.pdf]
[index.php/component/search/indexccb9.html]
[index.php/polar-rcn-notices.html]
[media/jui/fonts/IcoMoon.svg]
[images/mpsod-visual-id/mpsopendata_logo_full.html]
[images/daspos/daspos_footer.html]
[images/polar-rcn/mahoney_greenland.jpg]
[index.php/component/search/index6dce.html]
[images/polar-rcn/mahoney_greenland_ph.jpg]
[index.php/about/motivation.html]
[images/polar-rcn/rcn_diagram.png]
[index.php/about/management.html]
[index.php/component/search/index8f41.html]
[index.php/people/steering-committee.html]
[images/people/photo_2017-08-14_23-03-51.jpg]
[index.php/component/search/index6120.html]
[index.php/people/collaborators.html]
[index.php/workshops/scar-2018-session.html]
[index.php/component/search/index960b.html]
[index.php/component/search/index1b91.html]
[index.php/workshops/scar-2018-software-carpentry-intro-to-hpc-workshop.html]
[images/PolarRCN_XSEDE16_flyer.pdf]
[index.php/component/search/index28ce.html]
[index.php/component/search/index66cd.html]
[images/Documents/XSEDE16HackathonFlyer.pdf]
[images/Documents/ProposalTemplate2016PlusSurvey.pdf]
[images/Documents/ProposalTemplate2016PlusSurvey.docx]
[index.php/workshops/com-workshop-1.html]
[index.php/workshops/com-workshop-2.html]
[index.php/component/search/index2e95.html]
[images/people/Imagerycyber_workshop_photo.jpg]
[index.php/workshops/spring-imagery-workshop.html]
[index.php/workshops/polar-computing-at-cu-boulder.html]
[index.php/component/search/index553d.html]
[index.php/component/search/indexd554.html]
[index.php/workshops/archived-events.html]
[images/logo_1.png]
[index.php/component/search/index78b4.html]
[images/image002.jpg]
[index.php/component/search/indexcb28.html]
[images/polar-rcn/logo_3.png]
[images/polar-rcn/logo_4.jpg]
[images/PolarRCN_Hack2017.pdf]
[index.php/workshops/hpc-polar-hackathon-at-stony-brook-university-01-04-aug-2017.html]
[index.php/reports/report-1.html]
[index.php/component/search/indexe3bd.html]
